Nothing to compile
